#-----------------------------------------------------------
# Vivado v2022.2 (64-bit)
# SW Build 3671981 on Fri Oct 14 05:00:03 MDT 2022
# IP Build 3669848 on Fri Oct 14 08:30:02 MDT 2022
# Start of session at: Thu Nov 30 18:57:38 2023
# Process ID: 29256
# Current directory: Z:/schoolfiles/school_files/cpe333/lab5_cache/cache_vivado1
# Command line: vivado.exe -gui_launcher_event rodinguilauncherevent5112 Z:\schoolfiles\school_files\cpe333\lab5_cache\cache_vivado1\cache_vivado.xpr
# Log file: Z:/schoolfiles/school_files/cpe333/lab5_cache/cache_vivado1/vivado.log
# Journal file: Z:/schoolfiles/school_files/cpe333/lab5_cache/cache_vivado1\vivado.jou
# Running On: RaijinPC, OS: Windows, CPU Frequency: 4200 MHz, CPU Physical cores: 32, Host memory: 33457 MB
#-----------------------------------------------------------
start_gui
open_project Z:/schoolfiles/school_files/cpe333/lab5_cache/cache_vivado1/cache_vivado.xpr
update_compile_order -fileset sources_1
reset_run synth_1
launch_runs synth_1 -jobs 4
wait_on_run synth_1
reset_run synth_1
launch_runs synth_1 -jobs 4
wait_on_run synth_1
reset_run synth_1
launch_runs synth_1 -jobs 4
wait_on_run synth_1
reset_run synth_1
launch_runs synth_1 -jobs 4
wait_on_run synth_1
reset_run synth_1
launch_runs synth_1 -jobs 4
wait_on_run synth_1
reset_run synth_1
launch_runs synth_1 -jobs 4
wait_on_run synth_1
reset_run synth_1
launch_runs synth_1 -jobs 4
wait_on_run synth_1
launch_simulation
source test_pipeline.tcl
close_sim
set_property SOURCE_SET sources_1 [get_filesets sim_1]
add_files -fileset sim_1 -norecurse Z:/schoolfiles/school_files/cpe333/lab5_cache/cache_vivado1/test_pipeline_behav.wcfg
launch_simulation
open_wave_config Z:/schoolfiles/school_files/cpe333/lab5_cache/cache_vivado1/test_pipeline_behav.wcfg
source test_pipeline.tcl
relaunch_sim
save_wave_config {Z:/schoolfiles/school_files/cpe333/lab5_cache/cache_vivado1/test_pipeline_behav.wcfg}
relaunch_sim
run 10 us
relaunch_sim
run 10 us
save_wave_config {Z:/schoolfiles/school_files/cpe333/lab5_cache/cache_vivado1/test_pipeline_behav.wcfg}
save_wave_config {Z:/schoolfiles/school_files/cpe333/lab5_cache/cache_vivado1/test_pipeline_behav.wcfg}
save_wave_config {Z:/schoolfiles/school_files/cpe333/lab5_cache/cache_vivado1/test_pipeline_behav.wcfg}
relaunch_sim
run 10 us
save_wave_config {Z:/schoolfiles/school_files/cpe333/lab5_cache/cache_vivado1/test_pipeline_behav.wcfg}
relaunch_sim
run 10 us
update_compile_order -fileset sources_1
update_compile_order -fileset sources_1
relaunch_sim
close_sim
launch_simulation
reset_run synth_1
launch_runs synth_1 -jobs 4
wait_on_run synth_1
launch_simulation
reset_run synth_1
launch_runs synth_1 -jobs 4
wait_on_run synth_1
reset_run synth_1
launch_runs synth_1 -jobs 4
wait_on_run synth_1
launch_simulation
open_wave_config Z:/schoolfiles/school_files/cpe333/lab5_cache/cache_vivado1/test_pipeline_behav.wcfg
source test_pipeline.tcl
run 10 us
save_wave_config {Z:/schoolfiles/school_files/cpe333/lab5_cache/cache_vivado1/test_pipeline_behav.wcfg}
relaunch_sim
run 10 us
relaunch_sim
run 10 us
