#-----------------------------------------------------------
# Vivado v2022.1 (64-bit)
# SW Build 3526262 on Mon Apr 18 15:48:16 MDT 2022
# IP Build 3524634 on Mon Apr 18 20:55:01 MDT 2022
# Start of session at: Tue Oct 31 19:01:32 2023
# Process ID: 27216
# Current directory: C:/Users/ryana/CPE333/cpe333/lab3_basic_pipeline/project_3
# Command line: vivado.exe -gui_launcher_event rodinguilauncherevent2948 C:\Users\ryana\CPE333\cpe333\lab3_basic_pipeline\project_3\project_3.xpr
# Log file: C:/Users/ryana/CPE333/cpe333/lab3_basic_pipeline/project_3/vivado.log
# Journal file: C:/Users/ryana/CPE333/cpe333/lab3_basic_pipeline/project_3\vivado.jou
# Running On: LAPTOP-I3MDA0LJ, OS: Windows, CPU Frequency: 1996 MHz, CPU Physical cores: 8, Host memory: 16497 MB
#-----------------------------------------------------------
start_gui
open_project C:/Users/ryana/CPE333/cpe333/lab3_basic_pipeline/project_3/project_3.xpr
update_compile_order -fileset sources_1
launch_simulation
open_wave_config C:/Users/ryana/CPE333/cpe333/lab3_basic_pipeline/basic_pipeline/test_pipeline_behav1.wcfg
source test_pipeline.tcl
run 10 ns
run 10 ns
run 10 ns
run 10 ns
run 10 ns
run 10 ns
run 10 ns
run 10 ns
save_wave_config {C:/Users/ryana/CPE333/cpe333/lab3_basic_pipeline/basic_pipeline/test_pipeline_behav1.wcfg}
save_wave_config {C:/Users/ryana/CPE333/cpe333/lab3_basic_pipeline/basic_pipeline/test_pipeline_behav1.wcfg}
save_wave_config {C:/Users/ryana/CPE333/cpe333/lab3_basic_pipeline/basic_pipeline/test_pipeline_behav1.wcfg}
run 10 ns
run 10 ns
run 10 ns
run 10 ns
run 10 ns
run 10 ns
relaunch_sim
close_sim
