#-----------------------------------------------------------
# Vivado v2022.2 (64-bit)
# SW Build 3671981 on Fri Oct 14 05:00:03 MDT 2022
# IP Build 3669848 on Fri Oct 14 08:30:02 MDT 2022
# Start of session at: Sat Nov 25 12:37:18 2023
# Process ID: 15920
# Current directory: Z:/schoolfiles/school_files/cpe333/lab4_pipeline_hazards/danny_viviado_pipeline/danny_viviado_pipeline.runs/impl_1
# Command line: vivado.exe -log OTTER_MCU.vdi -applog -product Vivado -messageDb vivado.pb -mode batch -source OTTER_MCU.tcl -notrace
# Log file: Z:/schoolfiles/school_files/cpe333/lab4_pipeline_hazards/danny_viviado_pipeline/danny_viviado_pipeline.runs/impl_1/OTTER_MCU.vdi
# Journal file: Z:/schoolfiles/school_files/cpe333/lab4_pipeline_hazards/danny_viviado_pipeline/danny_viviado_pipeline.runs/impl_1\vivado.jou
# Running On: RaijinPC, OS: Windows, CPU Frequency: 4200 MHz, CPU Physical cores: 32, Host memory: 33457 MB
#-----------------------------------------------------------
source OTTER_MCU.tcl -notrace
