#-----------------------------------------------------------
# Vivado v2022.1 (64-bit)
# SW Build 3526262 on Mon Apr 18 15:48:16 MDT 2022
# IP Build 3524634 on Mon Apr 18 20:55:01 MDT 2022
# Start of session at: Sat Nov 11 17:21:54 2023
# Process ID: 26992
# Current directory: C:/Users/ryana/CPE333/cpe333/lab4_pipeline_hazards/lab4
# Command line: vivado.exe -gui_launcher_event rodinguilauncherevent28196 C:\Users\ryana\CPE333\cpe333\lab4_pipeline_hazards\lab4\lab4.xpr
# Log file: C:/Users/ryana/CPE333/cpe333/lab4_pipeline_hazards/lab4/vivado.log
# Journal file: C:/Users/ryana/CPE333/cpe333/lab4_pipeline_hazards/lab4\vivado.jou
# Running On: LAPTOP-I3MDA0LJ, OS: Windows, CPU Frequency: 1996 MHz, CPU Physical cores: 8, Host memory: 16497 MB
#-----------------------------------------------------------
start_gui
open_project C:/Users/ryana/CPE333/cpe333/lab4_pipeline_hazards/lab4/lab4.xpr
update_compile_order -fileset sources_1
launch_simulation
source test_pipeline.tcl
open_wave_config {C:/Users/ryana/CPE333/cpe333/lab3_basic_pipeline/basic_pipeline/test_pipeline_behav1.wcfg}
relaunch_sim
relaunch_sim
update_compile_order -fileset sources_1
update_compile_order -fileset sources_1
update_compile_order -fileset sources_1
update_compile_order -fileset sources_1
update_compile_order -fileset sources_1
update_compile_order -fileset sources_1
update_compile_order -fileset sources_1
update_compile_order -fileset sources_1
relaunch_sim
reset_run synth_1
launch_runs synth_1 -jobs 4
wait_on_run synth_1
reset_run synth_1
launch_runs synth_1 -jobs 4
wait_on_run synth_1
close_sim
launch_simulation
source test_pipeline.tcl
open_wave_config {C:/Users/ryana/CPE333/cpe333/lab3_basic_pipeline/basic_pipeline/test_pipeline_behav1.wcfg}
relaunch_sim
save_wave_config {C:/Users/ryana/CPE333/cpe333/lab3_basic_pipeline/basic_pipeline/test_pipeline_behav1.wcfg}
close_sim
reset_run synth_1
launch_runs synth_1 -jobs 4
wait_on_run synth_1
launch_simulation
reset_run synth_1
launch_runs synth_1 -jobs 4
wait_on_run synth_1
reset_run synth_1
launch_runs synth_1 -jobs 4
wait_on_run synth_1
launch_simulation
source test_pipeline.tcl
open_wave_config {C:/Users/ryana/CPE333/cpe333/lab3_basic_pipeline/basic_pipeline/test_pipeline_behav1.wcfg}
relaunch_sim
close_sim
reset_run synth_1
launch_runs synth_1 -jobs 4
wait_on_run synth_1
launch_simulation
source test_pipeline.tcl
open_wave_config {C:/Users/ryana/CPE333/cpe333/lab3_basic_pipeline/basic_pipeline/test_pipeline_behav1.wcfg}
relaunch_sim
relaunch_sim
relaunch_sim
update_compile_order -fileset sources_1
update_compile_order -fileset sources_1
update_compile_order -fileset sources_1
update_compile_order -fileset sources_1
relaunch_sim
reset_run synth_1
launch_runs synth_1 -jobs 4
wait_on_run synth_1
reset_run synth_1
launch_runs synth_1 -jobs 4
wait_on_run synth_1
reset_run synth_1
launch_runs synth_1 -jobs 4
wait_on_run synth_1
close_sim
launch_simulation
source test_pipeline.tcl
open_wave_config {C:/Users/ryana/CPE333/cpe333/lab3_basic_pipeline/basic_pipeline/test_pipeline_behav1.wcfg}
relaunch_sim
run 10 ns
run 10 ns
run 10 ns
run 10 ns
run 10 ns
run 10 ns
run 10 ns
run 10 ns
close_sim
reset_run synth_1
launch_runs synth_1 -jobs 4
wait_on_run synth_1
launch_simulation
source test_pipeline.tcl
open_wave_config {C:/Users/ryana/CPE333/cpe333/lab3_basic_pipeline/basic_pipeline/test_pipeline_behav1.wcfg}
relaunch_sim
run 10 ns
run 10 ns
run 10 ns
run 10 ns
run 10 ns
run 10 ns
run 100 ns
run 100 ns
run 100 ns
run 100 ns
run 100 ns
run 100 ns
run 10000 ns
relaunch_sim
run 10000 ns
relaunch_sim
run 5000 ns
relaunch_sim
run 5000 ns
relaunch_sim
run 5000 ns
relaunch_sim
run 5000 ns
relaunch_sim
run 5000 ns
run 5000 ns
relaunch_sim
run 5000 ns
relaunch_sim
run 5000 ns
save_wave_config {C:/Users/ryana/CPE333/cpe333/lab3_basic_pipeline/basic_pipeline/test_pipeline_behav1.wcfg}
close_sim
