#-----------------------------------------------------------
# Vivado v2022.2 (64-bit)
# SW Build 3671981 on Fri Oct 14 05:00:03 MDT 2022
# IP Build 3669848 on Fri Oct 14 08:30:02 MDT 2022
# Start of session at: Sat Nov 25 21:04:15 2023
# Process ID: 11396
# Current directory: Z:/schoolfiles/school_files/cpe333/lab4_pipeline_hazards/danny_viviado_pipeline
# Command line: vivado.exe -gui_launcher_event rodinguilauncherevent35168 Z:\schoolfiles\school_files\cpe333\lab4_pipeline_hazards\danny_viviado_pipeline\danny_viviado_pipeline.xpr
# Log file: Z:/schoolfiles/school_files/cpe333/lab4_pipeline_hazards/danny_viviado_pipeline/vivado.log
# Journal file: Z:/schoolfiles/school_files/cpe333/lab4_pipeline_hazards/danny_viviado_pipeline\vivado.jou
# Running On: RaijinPC, OS: Windows, CPU Frequency: 4200 MHz, CPU Physical cores: 32, Host memory: 33457 MB
#-----------------------------------------------------------
start_gui
open_project Z:/schoolfiles/school_files/cpe333/lab4_pipeline_hazards/danny_viviado_pipeline/danny_viviado_pipeline.xpr
update_compile_order -fileset sources_1
reset_run synth_1
launch_runs synth_1 -jobs 4
wait_on_run synth_1
reset_run synth_1
launch_runs synth_1 -jobs 4
wait_on_run synth_1
launch_simulation
open_wave_config Z:/schoolfiles/school_files/cpe333/lab4_pipeline_hazards/danny_viviado_pipeline/test_pipeline_behav1.wcfg
source test_pipeline.tcl
update_compile_order -fileset sources_1
update_compile_order -fileset sources_1
relaunch_sim
relaunch_sim
update_compile_order -fileset sources_1
update_compile_order -fileset sources_1
relaunch_sim
relaunch_sim
relaunch_sim
relaunch_sim
relaunch_sim
relaunch_sim
close_sim
reset_run synth_1
launch_runs synth_1 -jobs 4
wait_on_run synth_1
launch_simulation
open_wave_config Z:/schoolfiles/school_files/cpe333/lab4_pipeline_hazards/danny_viviado_pipeline/test_pipeline_behav1.wcfg
source test_pipeline.tcl
close_sim
reset_run synth_1
launch_runs synth_1 -jobs 4
wait_on_run synth_1
launch_simulation
open_wave_config Z:/schoolfiles/school_files/cpe333/lab4_pipeline_hazards/danny_viviado_pipeline/test_pipeline_behav1.wcfg
source test_pipeline.tcl
close_sim
reset_run synth_1
launch_runs synth_1 -jobs 4
wait_on_run synth_1
launch_simulation
open_wave_config Z:/schoolfiles/school_files/cpe333/lab4_pipeline_hazards/danny_viviado_pipeline/test_pipeline_behav1.wcfg
source test_pipeline.tcl
run 1 us
run 1 us
relaunch_sim
run 2 us
relaunch_sim
run 2 us
run 2 us
run 2 us
relaunch_sim
run 2 us
close_sim
reset_run synth_1
launch_runs synth_1 -jobs 4
wait_on_run synth_1
launch_simulation
open_wave_config Z:/schoolfiles/school_files/cpe333/lab4_pipeline_hazards/danny_viviado_pipeline/test_pipeline_behav1.wcfg
source test_pipeline.tcl
run 2 us
run 2 us
run 2 us
run 2 us
run 100 us
relaunch_sim
run 100 us
relaunch_sim
run 100 us
run 100 us
close_sim
reset_run synth_1
launch_runs synth_1 -jobs 4
wait_on_run synth_1
launch_simulation
open_wave_config Z:/schoolfiles/school_files/cpe333/lab4_pipeline_hazards/danny_viviado_pipeline/test_pipeline_behav1.wcfg
source test_pipeline.tcl
relaunch_sim
relaunch_sim
run 100 us
save_wave_config {Z:/schoolfiles/school_files/cpe333/lab4_pipeline_hazards/danny_viviado_pipeline/test_pipeline_behav1.wcfg}
close_sim
reset_run synth_1
launch_runs synth_1 -jobs 4
wait_on_run synth_1
launch_simulation
open_wave_config Z:/schoolfiles/school_files/cpe333/lab4_pipeline_hazards/danny_viviado_pipeline/test_pipeline_behav1.wcfg
source test_pipeline.tcl
run 100 us
run 100 us
relaunch_sim
run 100 us
close_sim
reset_run synth_1
launch_runs synth_1 -jobs 4
wait_on_run synth_1
launch_simulation
open_wave_config Z:/schoolfiles/school_files/cpe333/lab4_pipeline_hazards/danny_viviado_pipeline/test_pipeline_behav1.wcfg
source test_pipeline.tcl
relaunch_sim
relaunch_sim
save_wave_config {Z:/schoolfiles/school_files/cpe333/lab4_pipeline_hazards/danny_viviado_pipeline/test_pipeline_behav1.wcfg}
close_sim
reset_run synth_1
launch_runs synth_1 -jobs 4
wait_on_run synth_1
launch_simulation
open_wave_config Z:/schoolfiles/school_files/cpe333/lab4_pipeline_hazards/danny_viviado_pipeline/test_pipeline_behav1.wcfg
source test_pipeline.tcl
close_sim
export_ip_user_files -of_objects  [get_files {{Z:/schoolfiles/school_files/cpe333/lab4_pipeline_hazards/danny_viviado_pipeline/danny_viviado_pipeline.srcs/constrs_1/imports/hardware support modules/Basys3_Master_v1_03.xdc}}] -no_script -reset -force -quiet
remove_files  -fileset constrs_1 {{Z:/schoolfiles/school_files/cpe333/lab4_pipeline_hazards/danny_viviado_pipeline/danny_viviado_pipeline.srcs/constrs_1/imports/hardware support modules/Basys3_Master_v1_03.xdc}}
file delete -force {Z:/schoolfiles/school_files/cpe333/lab4_pipeline_hazards/danny_viviado_pipeline/danny_viviado_pipeline.srcs/constrs_1/imports/hardware support modules/Basys3_Master_v1_03.xdc}
reset_run synth_1
launch_runs synth_1 -jobs 4
wait_on_run synth_1
launch_simulation
open_wave_config Z:/schoolfiles/school_files/cpe333/lab4_pipeline_hazards/danny_viviado_pipeline/test_pipeline_behav1.wcfg
source test_pipeline.tcl
relaunch_sim
relaunch_sim
save_wave_config {Z:/schoolfiles/school_files/cpe333/lab4_pipeline_hazards/danny_viviado_pipeline/test_pipeline_behav1.wcfg}
run 2 us
close_sim
reset_run synth_1
launch_runs synth_1 -jobs 4
wait_on_run synth_1
launch_simulation
open_wave_config Z:/schoolfiles/school_files/cpe333/lab4_pipeline_hazards/danny_viviado_pipeline/test_pipeline_behav1.wcfg
source test_pipeline.tcl
run 2 us
relaunch_sim
run 2 us
close_sim
reset_run synth_1
launch_runs synth_1 -jobs 4
wait_on_run synth_1
launch_simulation
open_wave_config Z:/schoolfiles/school_files/cpe333/lab4_pipeline_hazards/danny_viviado_pipeline/test_pipeline_behav1.wcfg
source test_pipeline.tcl
close_sim
reset_run synth_1
launch_runs synth_1 -jobs 4
wait_on_run synth_1
launch_simulation
open_wave_config Z:/schoolfiles/school_files/cpe333/lab4_pipeline_hazards/danny_viviado_pipeline/test_pipeline_behav1.wcfg
source test_pipeline.tcl
relaunch_sim
relaunch_sim
relaunch_sim
run 2 us
relaunch_sim
relaunch_sim
run 2 us
run 2 us
relaunch_sim
run 2 us
relaunch_sim
run 2 us
close_sim
reset_run synth_1
launch_runs synth_1 -jobs 4
wait_on_run synth_1
